2026-10-01T07:19:25.550153+00:00 exit=0 python3 -m unittest discover -s tests -v
2026-10-01T07:19:27.725802+00:00 exit=0 docker ps -aq
2026-10-01T07:19:27.779198+00:00 exit=0 docker version
2026-10-01T07:19:27.798164+00:00 exit=0 docker create --label com.docker.compose.project=minecraft-sentinel-b6ff019d22cbfecc --name minecraft-sentinel-b6ff019d22cbfecc nginx:1.30.5-alpine@sha256:0985e772fb9f729e6fa0980da05fca5d9c468e870eed43071545afa9d2e27d94
2026-10-01T07:19:27.887258+00:00 exit=0 /tmp/minecraft validation cv0qoj84/stable paper/scripts/minecraft setup --accept-eula --bind 127.0.0.1 --port 52273 --web-port 57375 --memory 2G --motd Unicode ☃ $HOME ${SERVER_IMAGE} backslash \' quote \\ tail --profile backup --profile database --profile web
2026-10-01T07:19:27.929496+00:00 exit=0 /tmp/minecraft validation cv0qoj84/stable paper/scripts/minecraft setup --accept-eula --bind 127.0.0.1 --port 52273 --web-port 57375 --memory 2G --motd Unicode ☃ $HOME ${SERVER_IMAGE} backslash \' quote \\ tail --profile backup --profile database --profile web --start
2026-10-01T07:19:51.209831+00:00 exit=0 /tmp/minecraft validation cv0qoj84/stable paper/scripts/status --port 52273
PASS 26.2 Minecraft status
PASS custom MOTD reached protocol
2026-10-01T07:19:51.244630+00:00 exit=0 /tmp/minecraft validation cv0qoj84/stable paper/scripts/minecraft compose logs --no-color server
PASS Paper exact build
2026-10-01T07:19:51.399986+00:00 exit=0 /tmp/minecraft validation cv0qoj84/stable paper/scripts/minecraft compose exec -T server sha256sum /data/paper-26.2-129.jar
PASS Paper downloaded artifact checksum
2026-10-01T07:19:51.605743+00:00 exit=0 /tmp/minecraft validation cv0qoj84/stable paper/scripts/minecraft compose exec -T server sh -c grep -E "^(online-mode|enable-query)=" /data/server.properties
PASS effective standalone authentication and query settings
2026-10-01T07:19:51.761836+00:00 exit=0 python3 /tmp/minecraft validation cv0qoj84/stable paper/tests/login.py --port 52273 --expect auth
PASS standalone requires account authentication
2026-10-01T07:19:51.811263+00:00 exit=0 /tmp/minecraft validation cv0qoj84/stable paper/scripts/minecraft compose exec -T server java -version
2026-10-01T07:19:52.018466+00:00 exit=1 /tmp/minecraft validation cv0qoj84/stable paper/scripts/minecraft compose exec -T server rcon-cli --password wrong list
PASS wrong RCON password denied
2026-10-01T07:19:52.224961+00:00 exit=0 /tmp/minecraft validation cv0qoj84/stable paper/scripts/minecraft command scoreboard objectives add proof dummy
2026-10-01T07:19:52.430831+00:00 exit=0 /tmp/minecraft validation cv0qoj84/stable paper/scripts/minecraft command scoreboard players set Proof proof 42
2026-10-01T07:19:52.686000+00:00 exit=0 /tmp/minecraft validation cv0qoj84/stable paper/scripts/minecraft command save-all flush
2026-10-01T07:19:52.892831+00:00 exit=0 /tmp/minecraft validation cv0qoj84/stable paper/scripts/minecraft compose up -d --force-recreate --no-deps --wait --wait-timeout 600 server
2026-10-01T07:20:09.984665+00:00 exit=0 /tmp/minecraft validation cv0qoj84/stable paper/scripts/minecraft command scoreboard players get Proof proof
PASS world survives container recreation
2026-10-01T07:20:10.190711+00:00 exit=0 /tmp/minecraft validation cv0qoj84/stable paper/scripts/minecraft backup
2026-10-01T07:20:13.949751+00:00 exit=0 /tmp/minecraft validation cv0qoj84/stable paper/scripts/minecraft snapshots
PASS encrypted snapshot created
2026-10-01T07:20:15.110028+00:00 exit=0 /tmp/minecraft validation cv0qoj84/stable paper/scripts/minecraft compose logs --no-color server backup
PASS backup flushed world and resumed saves
PASS scheduled backup interval active
2026-10-01T07:20:15.316176+00:00 exit=1 /tmp/minecraft validation cv0qoj84/stable paper/scripts/minecraft compose run --rm --no-deps -e BACKUP_INTERVAL=0 -e INITIAL_DELAY=0 -e PRE_BACKUP_SCRIPT=exit 73 backup
PASS backup failure is reported
2026-10-01T07:20:17.677148+00:00 exit=0 /tmp/minecraft validation cv0qoj84/stable paper/scripts/minecraft command save-on
PASS backup failure resumes automatic saving
2026-10-01T07:20:17.882766+00:00 exit=1 /tmp/minecraft validation cv0qoj84/stable paper/scripts/minecraft backup
PASS inner Restic failure returns nonzero with useful output
2026-10-01T07:20:20.849888+00:00 exit=0 /tmp/minecraft validation cv0qoj84/stable paper/scripts/minecraft command save-on
PASS inner Restic failure resumes saves
PASS first backup holds lock after flush
2026-10-01T07:21:02.105791+00:00 exit=0 /tmp/minecraft validation cv0qoj84/stable paper/scripts/minecraft compose logs --no-color
2026-10-01T07:21:02.312322+00:00 exit=0 /tmp/minecraft validation cv0qoj84/stable paper/scripts/minecraft compose down --volumes --remove-orphans --timeout 120
2026-10-01T07:21:03.472607+00:00 exit=0 docker inspect --format {{.Id}} 5ea5f7875cadd1c9293a5540bb34fe2345b602d3e28a9d01d60568f8aaff1682
PASS unrelated stable sentinel survives contaminated cleanup
2026-10-01T07:21:03.488575+00:00 exit=0 docker rm 5ea5f7875cadd1c9293a5540bb34fe2345b602d3e28a9d01d60568f8aaff1682
2026-10-01T07:21:03.520560+00:00 exit=0 docker ps -aq
2026-10-01T07:21:03.574751+00:00 exit=0 docker container ls -q --filter label=com.docker.compose.project=minecraft-39cae55e
2026-10-01T07:21:03.590336+00:00 exit=0 docker network ls -q --filter label=com.docker.compose.project=minecraft-39cae55e
2026-10-01T07:21:03.605481+00:00 exit=0 docker volume ls -q --filter label=com.docker.compose.project=minecraft-39cae55e
PASS owned containers networks and volumes removed
Traceback (most recent call last):
  File "/tmp/minecraft-modernize/./scripts/validate", line 330, in <module>
    main()
  File "/tmp/minecraft-modernize/./scripts/validate", line 319, in main
    validation.full(args.scenario)
  File "/tmp/minecraft-modernize/./scripts/validate", line 204, in full
    self.overlapping_backups(paper)
  File "/tmp/minecraft-modernize/./scripts/validate", line 139, in overlapping_backups
    self.check('second backup completed nonmutating readiness while first locked', 'players online' in second.read_text())
  File "/tmp/minecraft-modernize/./scripts/validate", line 77, in check
    raise AssertionError(label)
AssertionError: second backup completed nonmutating readiness while first locked
