$ /tmp/minecraft-one-prompt-0ampoe4d/scripts/minecraft compose logs --tail 250 server
server-1  | [init] Running as uid=1001 gid=1002 with /data as 'drwx------ 2 1001 1002 4096 Oct  1 07:35 /data'
server-1  | [init] Image info: buildtime=2026-09-25T14:21:11.555Z,version=2026.9.2,revision=f3fe8284e5ab3aa464fc0c2be9eb5c993e5d85d0
server-1  | [init] Resolving type given PAPER
server-1  | [39m[mc-image-helper] 07:35:16.712 INFO  : Downloaded /data/paper-26.2-129.jar
server-1  | [0;39m[init] Copying any plugins from /plugins to /data/plugins
server-1  | [init] Copying any configs from /config to /data
server-1  | [init] Creating server properties in /data/server.properties
server-1  | [init] Disabling whitelist functionality
server-1  | [39m[mc-image-helper] 07:35:19.427 INFO  : Created/updated 10 properties in /data/server.properties
server-1  | [0;39m[init] Setting initial memory to 2G and max to 2G
server-1  | [init] Starting the Minecraft server...
server-1  | Downloading mojang_26.2.jar
server-1  | Applying patches
server-1  | Starting org.bukkit.craftbukkit.Main
server-1  | 2026-10-01T07:35:25.341129546Z ServerMain WARN Advanced terminal features are not available in this environment
server-1  | [07:35:25 INFO]: [bootstrap] Running Java 25 (OpenJDK 64-Bit Server VM 25.0.4+7-LTS; Eclipse Adoptium Temurin-25.0.4+7) on Linux 7.0.0-1012-aws (aarch64)
server-1  | [07:35:25 INFO]: [bootstrap] Loading Paper 26.2-129-ver/26.2@9240f58 (2026-09-23T18:49:01Z) for Minecraft 26.2
server-1  | [07:35:25 INFO]: [PluginInitializerManager] Initializing plugins...
server-1  | [07:35:25 INFO]: [PluginInitializerManager] Initialized 0 plugins
server-1  | WARNING: A terminally deprecated method in sun.misc.Unsafe has been called
server-1  | WARNING: sun.misc.Unsafe::objectFieldOffset has been called by org.joml.MemUtil$MemUtilUnsafe (file:/data/libraries/org/joml/joml/1.10.8/joml-1.10.8.jar)
server-1  | WARNING: Please consider reporting this to the maintainers of class org.joml.MemUtil$MemUtilUnsafe
server-1  | WARNING: sun.misc.Unsafe::objectFieldOffset will be removed in a future release
server-1  | [07:35:28 INFO]: [ca.spottedleaf.dataconverter.minecraft.datatypes.MCTypeRegistry] Initialising converters for DataConverter...
server-1  | [07:35:28 INFO]: Environment: Environment[sessionHost=https://sessionserver.mojang.com, servicesHost=https://api.minecraftservices.com, profilesHost=https://api.mojang.com, name=PROD]
server-1  | [07:35:28 INFO]: [ca.spottedleaf.dataconverter.minecraft.datatypes.MCTypeRegistry] Finished initialising converters for DataConverter in 271.3ms
server-1  | [07:35:28 INFO]: Found new data pack paper, loading it automatically
server-1  | [07:35:29 INFO]: No existing world data, creating new world
server-1  | [07:35:29 INFO]: Loaded 1585 recipes
server-1  | [07:35:29 INFO]: Loaded 1688 advancements
server-1  | [07:35:29 INFO]: Starting minecraft server version 26.2
server-1  | [07:35:29 INFO]: Loading properties
server-1  | [07:35:29 INFO]: This server is running Paper version 26.2-129-ver/26.2@9240f58 (2026-09-23T18:49:01Z) (Implementing API version 26.2.build.129-stable)
server-1  | [07:35:29 INFO]: [spark] This server bundles the spark profiler. For more information please visit https://docs.papermc.io/paper/profiling
server-1  | [07:35:30 INFO]: Server Ping Player Sample Count: 12
server-1  | [07:35:30 INFO]: Using 4 threads for Netty based IO
server-1  | [07:35:30 INFO]: [MoonriseCommon] Paper is using 4 worker threads, 1 I/O threads
server-1  | [07:35:30 INFO]: Default game type: SURVIVAL
server-1  | [07:35:30 INFO]: Generating keypair
server-1  | [07:35:30 INFO]: Starting Minecraft server on *:25565
server-1  | [07:35:30 INFO]: Paper: Using libdeflate (Linux aarch64) compression from Velocity.
server-1  | [07:35:30 INFO]: Paper: Using OpenSSL 3.x.x (Linux aarch64) cipher from Velocity.
server-1  | [07:35:30 INFO]: Preparing level "world"
server-1  | [07:35:30 INFO]: Selecting spawn point for level 'minecraft:overworld'...
server-1  | [07:35:32 INFO]: Selecting spawn point for level 'minecraft:the_nether'...
server-1  | [07:35:32 INFO]: Selecting spawn point for level 'minecraft:the_end'...
server-1  | [07:35:32 INFO]: Loading 0 persistent chunks for level 'minecraft:overworld'...
server-1  | [07:35:32 INFO]: Preparing spawn area: 100%
server-1  | [07:35:32 INFO]: Prepared spawn area in 2171 ms
server-1  | [07:35:32 INFO]: Loading 0 persistent chunks for level 'minecraft:the_nether'...
server-1  | [07:35:32 INFO]: Preparing spawn area: 100%
server-1  | [07:35:32 INFO]: Prepared spawn area in 400 ms
server-1  | [07:35:32 INFO]: Loading 0 persistent chunks for level 'minecraft:the_end'...
server-1  | [07:35:32 INFO]: Preparing spawn area: 100%
server-1  | [07:35:32 INFO]: Prepared spawn area in 111 ms
server-1  | [07:35:32 INFO]: Done preparing level "world" (2.410s)
server-1  | [07:35:33 INFO]: [spark] Starting background profiler...
server-1  | [07:35:33 INFO]: Starting remote control listener
server-1  | [07:35:33 INFO]: Thread RCON Listener started
server-1  | [07:35:33 INFO]: RCON running on 0.0.0.0:25575
server-1  | [07:35:33 INFO]: Saving chunks for level 'ServerLevel[world]'/minecraft:overworld
server-1  | [07:35:33 INFO]: Saving chunks for level 'ServerLevel[world]'/minecraft:the_nether
server-1  | [07:35:33 INFO]: Saving chunks for level 'ServerLevel[world]'/minecraft:the_end
server-1  | [07:35:33 INFO]: ThreadedAnvilChunkStorage (world): All chunks are saved
server-1  | [07:35:33 INFO]: ThreadedAnvilChunkStorage (DIM-1): All chunks are saved
server-1  | [07:35:33 INFO]: ThreadedAnvilChunkStorage (DIM1): All chunks are saved
server-1  | [07:35:33 INFO]: ThreadedAnvilChunkStorage: All dimensions are saved
server-1  | [07:35:33 INFO]: Running delayed init tasks
server-1  | [07:35:33 INFO]: Done (8.290s)! For help, type "help"
server-1  | [07:35:33 INFO]: *************************************************************************************
server-1  | [07:35:33 INFO]: This is the first time you're starting this server.
server-1  | [07:35:33 INFO]: It's recommended you read our 'Getting Started' documentation for guidance.
server-1  | [07:35:33 INFO]: View this and more helpful information here: https://docs.papermc.io/paper/next-steps
server-1  | [07:35:33 INFO]: *************************************************************************************
server-1  | [07:35:36 INFO]: Thread RCON Client /0:0:0:0:0:0:0:1 started
server-1  | [07:35:36 INFO]: Thread RCON Client /0:0:0:0:0:0:0:1 shutting down
server-1  | [07:35:38 INFO]: Thread RCON Client /172.20.0.3 started
server-1  | [07:35:38 INFO]: Thread RCON Client /172.20.0.3 shutting down
server-1  | [07:35:38 INFO]: Thread RCON Client /172.20.0.3 started
server-1  | [07:35:38 INFO]: [Rcon: Automatic saving is now disabled]
server-1  | [07:35:38 INFO]: Thread RCON Client /172.20.0.3 shutting down
server-1  | [07:35:38 INFO]: Thread RCON Client /172.20.0.3 started
server-1  | [07:35:38 INFO]: ThreadedAnvilChunkStorage (world): All chunks are saved
server-1  | [07:35:38 INFO]: ThreadedAnvilChunkStorage (DIM-1): All chunks are saved
server-1  | [07:35:38 INFO]: ThreadedAnvilChunkStorage (DIM1): All chunks are saved
server-1  | [07:35:38 INFO]: ThreadedAnvilChunkStorage: All dimensions are saved
server-1  | [07:35:38 INFO]: [Rcon: Saved the game]
server-1  | [07:35:38 INFO]: Thread RCON Client /172.20.0.3 shutting down
server-1  | [07:35:39 INFO]: Thread RCON Client /172.20.0.3 started
server-1  | [07:35:39 INFO]: [Rcon: Automatic saving is now enabled]
server-1  | [07:35:39 INFO]: Thread RCON Client /172.20.0.3 shutting down
server-1  | [07:36:06 INFO]: Thread RCON Client /0:0:0:0:0:0:0:1 started
server-1  | [07:36:06 INFO]: Thread RCON Client /0:0:0:0:0:0:0:1 shutting down
server-1  | [07:36:06 INFO]: Thread RCON Client /0:0:0:0:0:0:0:1 started
server-1  | [07:36:06 INFO]: Thread RCON Client /0:0:0:0:0:0:0:1 shutting down
server-1  | [07:36:38 INFO]: Thread RCON Client /172.20.0.4 started
server-1  | [07:36:38 INFO]: Thread RCON Client /172.20.0.4 shutting down
server-1  | [07:36:38 INFO]: Thread RCON Client /172.20.0.4 started
server-1  | [07:36:38 INFO]: [Rcon: Automatic saving is now disabled]
server-1  | [07:36:38 INFO]: Thread RCON Client /172.20.0.4 shutting down
server-1  | [07:36:38 INFO]: Thread RCON Client /172.20.0.4 started
server-1  | [07:36:38 INFO]: ThreadedAnvilChunkStorage (world): All chunks are saved
server-1  | [07:36:38 INFO]: ThreadedAnvilChunkStorage (DIM-1): All chunks are saved
server-1  | [07:36:38 INFO]: ThreadedAnvilChunkStorage (DIM1): All chunks are saved
server-1  | [07:36:38 INFO]: ThreadedAnvilChunkStorage: All dimensions are saved
server-1  | [07:36:38 INFO]: [Rcon: Saved the game]
server-1  | [07:36:38 INFO]: Thread RCON Client /172.20.0.4 shutting down
server-1  | [07:36:39 INFO]: Thread RCON Client /172.20.0.4 started
server-1  | [07:36:39 INFO]: [Rcon: Automatic saving is now enabled]
server-1  | [07:36:39 INFO]: Thread RCON Client /172.20.0.4 shutting down

exit=0
