There are 0 of a max of 20 players online: 
{"distribution": "paper", "network": false, "profiles": ["backup"], "setup": "created"}
{"architecture": "arm64", "compose": "5.5.1", "configuration": "valid", "docker": "29.8.0", "pins": {"BACKUP_IMAGE": "itzg/mc-backup:2026.9.3@sha256:3ff6a1e8fa15ca4e4440b118676cf58c611a4079d4da8fe792b04a9a13619f16", "DATABASE_IMAGE": "mariadb:12.3.3@sha256:805c8e104bd563d5bfa24fadd3f31cd419ea859cb5277f32b5dbf2db714f9ed1", "PAPER_BUILD": "129", "PAPER_SHA256": "b1d8f6bfa1b6101fa8e947b53041cb3bdf5540e7b83b6547ca19ba7edefeb083", "PAPER_VERSION": "26.2", "PROXY_IMAGE": "itzg/mc-proxy:2026.9.2-java25@sha256:f95e6c0364a6be9ff983208943c807da70d584d935b25a23b605966a71f33411", "SERVER_IMAGE": "itzg/minecraft-server:2026.9.2-java25@sha256:de5d1b1a83eba576f6c8a688fac2a3523ce457724cdebc8ea48d7818b74cdf6e", "VANILLA_SERVER_SHA1": "33680f5f2ac32864d6d7cf5e56a705fdb3e05f4c", "VANILLA_VERSION": "26.3", "VELOCITY_BUILD_ID": "36", "VELOCITY_SHA256": "62a06a6bbf3c48b72473ac64a1bdea38e940b82780a99998e83b42d34022b42c", "VELOCITY_VERSION": "4.2.1-SNAPSHOT", "WEB_IMAGE": "nginx:1.30.5-alpine@sha256:0985e772fb9f729e6fa0980da05fca5d9c468e870eed43071545afa9d2e27d94"}}
{"ready": true}
 Network minecraft-c56fd5f6_default Creating 
 Network minecraft-c56fd5f6_default Creating 
 Network minecraft-c56fd5f6_default Created 
 Network minecraft-c56fd5f6_default Created 
 Container minecraft-c56fd5f6-server-1 Creating 
 Container minecraft-c56fd5f6-server-1 Created 
 Container minecraft-c56fd5f6-backup-1 Creating 
 Container minecraft-c56fd5f6-backup-1 Created 
 Container minecraft-c56fd5f6-server-1 Starting 
 Container minecraft-c56fd5f6-server-1 Started 
 Container minecraft-c56fd5f6-server-1 Waiting 
 Container minecraft-c56fd5f6-server-1 Healthy 
 Container minecraft-c56fd5f6-backup-1 Starting 
 Container minecraft-c56fd5f6-backup-1 Started 
 Container minecraft-c56fd5f6-backup-1 Waiting 
 Container minecraft-c56fd5f6-server-1 Waiting 
 Container minecraft-c56fd5f6-backup-1 Healthy 
 Container minecraft-c56fd5f6-server-1 Healthy 

exit=0
